
> razzia@3.0.0 dev:socket D:\Projects\class\ai-research\4. Razzia
> dotenv -e .env -- pnpm --filter socket dev


> @razzia/socket@ dev D:\Projects\class\ai-research\4. Razzia\packages\socket
> tsx watch src/index.ts

Game cleanup task started
Socket server running on port 3001
A user connected: socketId: 2eVl3h_ixN_N3dG8AAAB, clientId: 019ef1bd-2e17-778d-a18e-f4479f298ceb
A user connected: socketId: NbEGKEJCF-pOzCSmAAAF, clientId: 019ef1bd-2e17-778d-a18e-f4479f298ceb
A user disconnected : 2eVl3h_ixN_N3dG8AAAB
A user connected: socketId: 9f6XFVczY5gW0b2zAAAI, clientId: 019ef1bd-2e17-778d-a18e-f4479f298ceb
A user disconnected : 9f6XFVczY5gW0b2zAAAI
A user disconnected : NbEGKEJCF-pOzCSmAAAF
A user connected: socketId: -ZFZNnfKAqpyHDUnAAAL, clientId: 019ef1bd-2e17-778d-a18e-f4479f298ceb
A user disconnected : -ZFZNnfKAqpyHDUnAAAL
A user connected: socketId: XxHjXegLfvNN34iNAAAO, clientId: 019ef1bd-2e17-778d-a18e-f4479f298ceb
A user connected: socketId: uieybbiWF7FyB_nTAAAR, clientId: 019ef1bd-2e17-778d-a18e-f4479f298ceb
A user disconnected : XxHjXegLfvNN34iNAAAO
7:41:50 PM [tsx] change in ./..\common\src\validators\visuals.ts Restarting...
cGame cleanup task started
Socket server running on port 3001
A user connected: socketId: oBZbBeiBJfxadBTUAAAC, clientId: 019ef1bd-2e17-778d-a18e-f4479f298ceb
A user connected: socketId: OfqVA9DL0WRQZtnVAAAE, clientId: slice2-1785552167562
A user disconnected : OfqVA9DL0WRQZtnVAAAE
A user connected: socketId: YyLogw4pN4PGCZIqAAAH, clientId: 019ef1bd-2e17-778d-a18e-f4479f298ceb
A user connected: socketId: vuiDFHP4WRINI9z5AAAK, clientId: 019ef1bd-2e17-778d-a18e-f4479f298ceb
A user disconnected : oBZbBeiBJfxadBTUAAAC
A user disconnected : YyLogw4pN4PGCZIqAAAH
A user connected: socketId: L_4QR0ZJcf_7_y6AAAAN, clientId: 019fbada-fcaf-74d0-b4d7-e73d5ef78df0
A user disconnected : L_4QR0ZJcf_7_y6AAAAN
A user connected: socketId: Cq4grWudpjD64XbjAAAQ, clientId: 019fbada-fcaf-74d0-b4d7-e73d5ef78df0
A user disconnected : Cq4grWudpjD64XbjAAAQ
A user connected: socketId: D_w-T97hUJagzzg6AAAT, clientId: 019ef1bd-2e17-778d-a18e-f4479f298ceb
A user disconnected : D_w-T97hUJagzzg6AAAT
A user connected: socketId: c0E3wz7JllLlKIFiAAAW, clientId: 019ef1bd-2e17-778d-a18e-f4479f298ceb
A user disconnected : c0E3wz7JllLlKIFiAAAW
A user connected: socketId: n3kQO6YtwATTF0xIAAAZ, clientId: 019ef1bd-2e17-778d-a18e-f4479f298ceb
A user disconnected : vuiDFHP4WRINI9z5AAAK
A user connected: socketId: Wr3-bEw2oA3NxuqyAAAc, clientId: 019ef1bd-2e17-778d-a18e-f4479f298ceb
A user disconnected : n3kQO6YtwATTF0xIAAAZ
A user connected: socketId: eipkbEhpAm9lEIoZAAAf, clientId: 019ef1bd-2e17-778d-a18e-f4479f298ceb
A user disconnected : Wr3-bEw2oA3NxuqyAAAc
A user connected: socketId: HZ6SifN5fAf1ejzQAAAi, clientId: 019ef1bd-2e17-778d-a18e-f4479f298ceb
A user connected: socketId: EgppFb9vIeCPJKnSAAAn, clientId: 019fbada-fcaf-74d0-b4d7-e73d5ef78df0
A user connected: socketId: YHj8BxzE6XDOyYYZAAAo, clientId: 019fbada-fcaf-74d0-b4d7-e73d5ef78df0
A user disconnected : YHj8BxzE6XDOyYYZAAAo
A user disconnected : EgppFb9vIeCPJKnSAAAn
A user disconnected : HZ6SifN5fAf1ejzQAAAi
A user disconnected : eipkbEhpAm9lEIoZAAAf
A user connected: socketId: 8gUpxjLqmnoxeBzsAAAt, clientId: 019fbada-fcaf-74d0-b4d7-e73d5ef78df0
A user connected: socketId: eQxc4sRQv4iVpNpkAAAw, clientId: 019ef1bd-2e17-778d-a18e-f4479f298ceb
A user connected: socketId: 9Y_S1g1L2J1fbC-TAAAx, clientId: 019fbada-fcaf-74d0-b4d7-e73d5ef78df0
A user connected: socketId: fjFGdHAPoWmLU73DAAA0, clientId: 019ef1bd-2e17-778d-a18e-f4479f298ceb
A user connected: socketId: ZtP1gB9518VIfaHzAAA3, clientId: 019ef1bd-2e17-778d-a18e-f4479f298ceb
A user disconnected : eQxc4sRQv4iVpNpkAAAw
A user disconnected : ZtP1gB9518VIfaHzAAA3
A user connected: socketId: X2KDGS7tLaytUELlAAA6, clientId: 019ef1bd-2e17-778d-a18e-f4479f298ceb
A user disconnected : fjFGdHAPoWmLU73DAAA0
A user disconnected : 8gUpxjLqmnoxeBzsAAAt
A user disconnected : 9Y_S1g1L2J1fbC-TAAAx
A user connected: socketId: l9Z3iymVVdbHNgNfAAA9, clientId: 019fbada-fcaf-74d0-b4d7-e73d5ef78df0
A user connected: socketId: vqU00FOPXn5OvTltAABA, clientId: 019ef1bd-2e17-778d-a18e-f4479f298ceb
A user connected: socketId: qre86UXSYhyGA3GnAABD, clientId: 019fbada-fcaf-74d0-b4d7-e73d5ef78df0
A user connected: socketId: Vl9_Z98_d7oHAd4hAABG, clientId: 019ef1bd-2e17-778d-a18e-f4479f298ceb
A user connected: socketId: ZNd7MaTuco7GsPOyAABJ, clientId: 019ef1bd-2e17-778d-a18e-f4479f298ceb
A user disconnected : X2KDGS7tLaytUELlAAA6
A user disconnected : Vl9_Z98_d7oHAd4hAABG
A user disconnected : l9Z3iymVVdbHNgNfAAA9
A user disconnected : ZNd7MaTuco7GsPOyAABJ
A user disconnected : vqU00FOPXn5OvTltAABA
A user disconnected : qre86UXSYhyGA3GnAABD
A user connected: socketId: neAzFTqvyjR4CWhbAABM, clientId: 019ef1bd-2e17-778d-a18e-f4479f298ceb
A user connected: socketId: XnPI_dl_AyonbmOgAABP, clientId: 019ef1bd-2e17-778d-a18e-f4479f298ceb
New game created: 862451 subject: Unity Netcode
Game 019fbb54-34da-7792-b819-fb995e8ef36d added. Total games: 1
A user connected: socketId: xUI2OVS3Lwu6U-mCAABS, clientId: 019ef1bd-2e17-778d-a18e-f4479f298ceb
A user disconnected : neAzFTqvyjR4CWhbAABM
A user disconnected : xUI2OVS3Lwu6U-mCAABS
A user connected: socketId: yA2ReG1rVKc2zqtUAABV, clientId: 019ef1bd-2e17-778d-a18e-f4479f298ceb
A user disconnected : yA2ReG1rVKc2zqtUAABV
A user connected: socketId: iiX_93CJrVnCGAUiAABY, clientId: 019ef1bd-2e17-778d-a18e-f4479f298ceb
A user disconnected : iiX_93CJrVnCGAUiAABY
A user connected: socketId: pKO-sG_MQrTOqzvXAABb, clientId: 019ef1bd-2e17-778d-a18e-f4479f298ceb
A user connected: socketId: on6UVMiQwkJ1tmZ1AABe, clientId: 019ef1bd-2e17-778d-a18e-f4479f298ceb
A user disconnected : XnPI_dl_AyonbmOgAABP
Manager disconnected from game 862451
Game 019fbb54-34da-7792-b819-fb995e8ef36d marked as empty. Total empty games: 1
A user disconnected : pKO-sG_MQrTOqzvXAABb
A user disconnected : on6UVMiQwkJ1tmZ1AABe
A user connected: socketId: dPiZZ9uR8Ja0w4kLAABl, clientId: 019ef1bd-2e17-778d-a18e-f4479f298ceb
A user connected: socketId: 7g0rLgWuoIwNDdSiAABm, clientId: 019ef1bd-2e17-778d-a18e-f4479f298ceb
A user connected: socketId: kF92ucKZsa0gdpwEAABn, clientId: 019ef1bd-2e17-778d-a18e-f4479f298ceb
Game 019fbb54-34da-7792-b819-fb995e8ef36d reactivated. Remaining empty games: 0
Manager reconnected to game 862451
A user disconnected : dPiZZ9uR8Ja0w4kLAABl
Manager disconnected from game 862451
Game 019fbb54-34da-7792-b819-fb995e8ef36d marked as empty. Total empty games: 1
A user disconnected : 7g0rLgWuoIwNDdSiAABm
A user disconnected : kF92ucKZsa0gdpwEAABn
A user connected: socketId: GmghK3VhUj8hSRXTAABq, clientId: 019ef1bd-2e17-778d-a18e-f4479f298ceb
A user connected: socketId: O8xNEy5qmKcSiw7sAABv, clientId: 019ef1bd-2e17-778d-a18e-f4479f298ceb
A user connected: socketId: 3DwqhE6ayLAT9hp0AABw, clientId: 019ef1bd-2e17-778d-a18e-f4479f298ceb
Game 019fbb54-34da-7792-b819-fb995e8ef36d reactivated. Remaining empty games: 0
Manager reconnected to game 862451
A user disconnected : GmghK3VhUj8hSRXTAABq
A user disconnected : 3DwqhE6ayLAT9hp0AABw
A user disconnected : O8xNEy5qmKcSiw7sAABv
Manager disconnected from game 862451
Game 019fbb54-34da-7792-b819-fb995e8ef36d marked as empty. Total empty games: 1
A user connected: socketId: xy2Z4Qd0aqtei1-FAABz, clientId: 019ef1bd-2e17-778d-a18e-f4479f298ceb
Game 019fbb54-34da-7792-b819-fb995e8ef36d reactivated. Remaining empty games: 0
Manager reconnected to game 862451
A user connected: socketId: PAurBO4_j11iGpC9AAB4, clientId: 019ef1bd-2e17-778d-a18e-f4479f298ceb
A user connected: socketId: HJwN95qkhhYjqUuLAAB5, clientId: 019ef1bd-2e17-778d-a18e-f4479f298ceb
A user disconnected : xy2Z4Qd0aqtei1-FAABz
Manager disconnected from game 862451
Game 019fbb54-34da-7792-b819-fb995e8ef36d marked as empty. Total empty games: 1
A user disconnected : HJwN95qkhhYjqUuLAAB5
A user disconnected : PAurBO4_j11iGpC9AAB4
A user connected: socketId: n4AB59j1vIU46Ol_AACA, clientId: 019ef1bd-2e17-778d-a18e-f4479f298ceb
A user connected: socketId: _tWwpwRQAIrsrAfHAACB, clientId: 019ef1bd-2e17-778d-a18e-f4479f298ceb
A user connected: socketId: nE1Ah4N-JoBgQ8pkAACC, clientId: 019ef1bd-2e17-778d-a18e-f4479f298ceb
Game 019fbb54-34da-7792-b819-fb995e8ef36d reactivated. Remaining empty games: 0
Manager reconnected to game 862451
A user connected: socketId: GEedR0k_a3UD0bspAACF, clientId: 019ef1bd-2e17-778d-a18e-f4479f298ceb
A user connected: socketId: FMwzBSKcneSOp9dlAACI, clientId: 019ef1bd-2e17-778d-a18e-f4479f298ceb
A user connected: socketId: vih0MzMIlILT3Tl1AACL, clientId: 019ef1bd-2e17-778d-a18e-f4479f298ceb
A user connected: socketId: u4-8JvVT5ZoMlp-TAACO, clientId: 019ef1bd-2e17-778d-a18e-f4479f298ceb
A user disconnected : u4-8JvVT5ZoMlp-TAACO
A user connected: socketId: EE9ErduXOYCGxbMIAACR, clientId: 019ef1bd-2e17-778d-a18e-f4479f298ceb
A user connected: socketId: OJvRLMn_7DFeB6c4AACU, clientId: 019ef1bd-2e17-778d-a18e-f4479f298ceb
A user disconnected : OJvRLMn_7DFeB6c4AACU
A user connected: socketId: BAzzARDVfNrTnglxAACX, clientId: 019ef1bd-2e17-778d-a18e-f4479f298ceb
A user disconnected : EE9ErduXOYCGxbMIAACR
A user connected: socketId: u-6j5oylPhXYUiW9AACa, clientId: 019ef1bd-2e17-778d-a18e-f4479f298ceb
A user disconnected : u-6j5oylPhXYUiW9AACa
A user connected: socketId: b7uQtYVnVK5vn4OiAACd, clientId: 019ef1bd-2e17-778d-a18e-f4479f298ceb
A user disconnected : FMwzBSKcneSOp9dlAACI
A user connected: socketId: DljegbcPLfUoK54vAACg, clientId: 019ef1bd-2e17-778d-a18e-f4479f298ceb
A user disconnected : DljegbcPLfUoK54vAACg
A user connected: socketId: zuCG4FSmOkQ3Q3PDAACj, clientId: 019ef1bd-2e17-778d-a18e-f4479f298ceb
A user disconnected : zuCG4FSmOkQ3Q3PDAACj
A user connected: socketId: qras2N9TqSfpH1kHAACm, clientId: 019ef1bd-2e17-778d-a18e-f4479f298ceb
A user disconnected : qras2N9TqSfpH1kHAACm
A user connected: socketId: YW12BUIwdr2t8sYMAACp, clientId: 019ef1bd-2e17-778d-a18e-f4479f298ceb
A user disconnected : _tWwpwRQAIrsrAfHAACB
Manager disconnected from game 862451
Game 019fbb54-34da-7792-b819-fb995e8ef36d marked as empty. Total empty games: 1
A user disconnected : n4AB59j1vIU46Ol_AACA
A user disconnected : YW12BUIwdr2t8sYMAACp
A user disconnected : nE1Ah4N-JoBgQ8pkAACC
A user disconnected : b7uQtYVnVK5vn4OiAACd
A user disconnected : BAzzARDVfNrTnglxAACX
A user disconnected : GEedR0k_a3UD0bspAACF
A user disconnected : vih0MzMIlILT3Tl1AACL
