(node:64708) [DEP0205] DeprecationWarning: `module.register()` is deprecated. Use `module.registerHooks()` instead.
(Use `node --trace-deprecation ...` to show where the warning was created)
[2m7:38:59 PM[22m [31m[1m[vite][22m[39m [31m[2m(client)[22m[39m [2m[console.error] [22mCannot update a component (`Transitioner`) while rendering a different component (`ManagerConfigPage`). To locate the bad setState() call inside `ManagerConfigPage`, follow the stack trace as described in https://react.dev/link/setstate-in-render
[2m7:41:50 PM[22m [31m[1m[vite][22m[39m [31mws proxy error:[39m
Error: read ECONNRESET
    at TCP.onStreamRead (node:internal/stream_base_commons:216:20)
[2m7:41:51 PM[22m [31m[1m[vite][22m[39m [31m[2m(client)[22m[39m [2m[console.error] [22mCannot update a component (`Transitioner`) while rendering a different component (`ManagerConfigPage`). To locate the bad setState() call inside `ManagerConfigPage`, follow the stack trace as described in https://react.dev/link/setstate-in-render
[2m7:43:44 PM[22m [31m[1m[vite][22m[39m [31m[2m(client)[22m[39m [2m[console.error] [22mCannot update a component (`Transitioner`) while rendering a different component (`ManagerConfigPage`). To locate the bad setState() call inside `ManagerConfigPage`, follow the stack trace as described in https://react.dev/link/setstate-in-render
[2m7:48:28 PM[22m [31m[1m[vite][22m[39m [31m[2m(client)[22m[39m [2m[console.error] [22mCannot update a component (`Transitioner`) while rendering a different component (`ManagerConfigPage`). To locate the bad setState() call inside `ManagerConfigPage`, follow the stack trace as described in https://react.dev/link/setstate-in-render
[2m7:50:11 PM[22m [31m[1m[vite][22m[39m [31m[2m(client)[22m[39m [2m[console.error] [22mCannot update a component (`Transitioner`) while rendering a different component (`ManagerConfigPage`). To locate the bad setState() call inside `ManagerConfigPage`, follow the stack trace as described in https://react.dev/link/setstate-in-render
[2m7:50:11 PM[22m [31m[1m[vite][22m[39m [31m[2m(client)[22m[39m [2m[console.error] [22mCannot update a component (`Transitioner`) while rendering a different component (`ManagerConfigPage`). To locate the bad setState() call inside `ManagerConfigPage`, follow the stack trace as described in https://react.dev/link/setstate-in-render
[2m7:50:18 PM[22m [31m[1m[vite][22m[39m [31m[2m(client)[22m[39m [2m[console.error] [22mCannot update a component (`Transitioner`) while rendering a different component (`ManagerConfigPage`). To locate the bad setState() call inside `ManagerConfigPage`, follow the stack trace as described in https://react.dev/link/setstate-in-render
[2m7:50:18 PM[22m [31m[1m[vite][22m[39m [31m[2m(client)[22m[39m [2m[console.error] [22mCannot update a component (`Transitioner`) while rendering a different component (`ManagerConfigPage`). To locate the bad setState() call inside `ManagerConfigPage`, follow the stack trace as described in https://react.dev/link/setstate-in-render
[2m7:51:59 PM[22m [31m[1m[vite][22m[39m [31m[2m(client)[22m[39m [2m[console.error] [22mCannot update a component (`Transitioner`) while rendering a different component (`ManagerConfigPage`). To locate the bad setState() call inside `ManagerConfigPage`, follow the stack trace as described in https://react.dev/link/setstate-in-render
[2m7:52:00 PM[22m [31m[1m[vite][22m[39m [31m[2m(client)[22m[39m [2m[console.error] [22mCannot update a component (`Transitioner`) while rendering a different component (`ManagerConfigPage`). To locate the bad setState() call inside `ManagerConfigPage`, follow the stack trace as described in https://react.dev/link/setstate-in-render
[2m7:54:23 PM[22m [31m[1m[vite][22m[39m [31m[2m(client)[22m[39m [2m[console.error] [22mCannot update a component (`Transitioner`) while rendering a different component (`ManagerConfigPage`). To locate the bad setState() call inside `ManagerConfigPage`, follow the stack trace as described in https://react.dev/link/setstate-in-render
[2m8:25:14 PM[22m [31m[1m[vite][22m[39m [31m[2m(client)[22m[39m [2m[console.error] [22mCannot update a component (`Transitioner`) while rendering a different component (`ManagerConfigPage`). To locate the bad setState() call inside `ManagerConfigPage`, follow the stack trace as described in https://react.dev/link/setstate-in-render
[2m8:28:26 PM[22m [31m[1m[vite][22m[39m [31m[2m(client)[22m[39m [2m[console.error] [22mCannot update a component (`Transitioner`) while rendering a different component (`ManagerConfigPage`). To locate the bad setState() call inside `ManagerConfigPage`, follow the stack trace as described in https://react.dev/link/setstate-in-render
[2m8:31:03 PM[22m [31m[1m[vite][22m[39m [31m[2m(client)[22m[39m [2m[console.error] [22mCannot update a component (`Transitioner`) while rendering a different component (`ManagerConfigPage`). To locate the bad setState() call inside `ManagerConfigPage`, follow the stack trace as described in https://react.dev/link/setstate-in-render
[2m8:33:47 PM[22m [31m[1m[vite][22m[39m [31m[2m(client)[22m[39m [2m[console.error] [22m[vite] ReferenceError: Cannot access 'Podium' before initialization
    at http://localhost:3000/src/features/game/utils/constants.ts?t=1785555227601:56:21
[2m8:33:47 PM[22m [31m[1m[vite][22m[39m [31m[2m(client)[22m[39m [2m[console.error] [22m[vite] Failed to reload /src/features/game/components/states/Podium.tsx. This could be due to syntax errors or importing non-existent modules. (see errors above)
[2m8:33:47 PM[22m [31m[1m[vite][22m[39m [31m[2m(client)[22m[39m [2m[console.error] [22m[vite] ReferenceError: Cannot access 'Podium' before initialization
    at http://localhost:3000/src/features/game/utils/constants.ts?t=1785555227601:56:21
[2m8:33:47 PM[22m [31m[1m[vite][22m[39m [31m[2m(client)[22m[39m [2m[console.error] [22m[vite] Failed to reload /src/features/game/components/states/Podium.tsx. This could be due to syntax errors or importing non-existent modules. (see errors above)
[2m8:33:47 PM[22m [31m[1m[vite][22m[39m [31m[2m(client)[22m[39m [2m[console.error] [22m[vite] ReferenceError: Cannot access 'Podium' before initialization
    at http://localhost:3000/src/features/game/utils/constants.ts?t=1785555227601:56:21
[2m8:33:47 PM[22m [31m[1m[vite][22m[39m [31m[2m(client)[22m[39m [2m[console.error] [22m[vite] Failed to reload /src/features/game/components/states/Podium.tsx. This could be due to syntax errors or importing non-existent modules. (see errors above)
[2m8:33:48 PM[22m [31m[1m[vite][22m[39m [31m[2m(client)[22m[39m [2m[console.error] [22mCannot update a component (`Transitioner`) while rendering a different component (`ManagerConfigPage`). To locate the bad setState() call inside `ManagerConfigPage`, follow the stack trace as described in https://react.dev/link/setstate-in-render
[2m8:37:10 PM[22m [31m[1m[vite][22m[39m [31m[2m(client)[22m[39m [2m[console.error] [22mCannot update a component (`Transitioner`) while rendering a different component (`ManagerConfigPage`). To locate the bad setState() call inside `ManagerConfigPage`, follow the stack trace as described in https://react.dev/link/setstate-in-render
[2m8:48:56 PM[22m [33m[1m[vite][22m[39m [33m[2m(client)[22m[39m [2m[console.warn] [22m`AlertDialogContent` requires a description for the component to be accessible for screen reader users.

You can add a description to the `AlertDialogContent` by passing a `AlertDialogDescription` component as a child, which also benefits sighted users by adding visible context to the dialog.

Alternatively, you can use your own component as a description by assigning it an `id` and passing the same value to the `aria-describedby` prop in `AlertDialogContent`. If the description is confusing or duplicative for sighted users, you can use the `@radix-ui/react-visually-hidden` primitive as a wrapper around your description component.

For more information, see https://radix-ui.com/primitives/docs/components/alert-dialog
[2m8:48:56 PM[22m [31m[1m[vite][22m[39m [31m[2m(client)[22m[39m [2m[console.error] [22m`AlertDialogContent` requires a `AlertDialogTitle` for the component to be accessible for screen reader users.

If you want to hide the `AlertDialogTitle`, you can wrap it with our VisuallyHidden component.

For more information, see https://radix-ui.com/primitives/docs/components/alert-dialog
[2m8:48:56 PM[22m [33m[1m[vite][22m[39m [33m[2m(client)[22m[39m [2m[console.warn] [22mWarning: Missing `Description` or `aria-describedby={undefined}` for {AlertDialogContent}.
[2m8:48:56 PM[22m [33m[1m[vite][22m[39m [33m[2m(client)[22m[39m [2m[console.warn] [22m`AlertDialogContent` requires a description for the component to be accessible for screen reader users.

You can add a description to the `AlertDialogContent` by passing a `AlertDialogDescription` component as a child, which also benefits sighted users by adding visible context to the dialog.

Alternatively, you can use your own component as a description by assigning it an `id` and passing the same value to the `aria-describedby` prop in `AlertDialogContent`. If the description is confusing or duplicative for sighted users, you can use the `@radix-ui/react-visually-hidden` primitive as a wrapper around your description component.

For more information, see https://radix-ui.com/primitives/docs/components/alert-dialog
[2m8:48:56 PM[22m [31m[1m[vite][22m[39m [31m[2m(client)[22m[39m [2m[console.error] [22m`AlertDialogContent` requires a `AlertDialogTitle` for the component to be accessible for screen reader users.

If you want to hide the `AlertDialogTitle`, you can wrap it with our VisuallyHidden component.

For more information, see https://radix-ui.com/primitives/docs/components/alert-dialog
[2m8:48:56 PM[22m [33m[1m[vite][22m[39m [33m[2m(client)[22m[39m [2m[console.warn] [22mWarning: Missing `Description` or `aria-describedby={undefined}` for {AlertDialogContent}.
[2m8:49:47 PM[22m [33m[1m[vite][22m[39m [33m[2m(client)[22m[39m [2m[console.warn] [22m`AlertDialogContent` requires a description for the component to be accessible for screen reader users.

You can add a description to the `AlertDialogContent` by passing a `AlertDialogDescription` component as a child, which also benefits sighted users by adding visible context to the dialog.

Alternatively, you can use your own component as a description by assigning it an `id` and passing the same value to the `aria-describedby` prop in `AlertDialogContent`. If the description is confusing or duplicative for sighted users, you can use the `@radix-ui/react-visually-hidden` primitive as a wrapper around your description component.

For more information, see https://radix-ui.com/primitives/docs/components/alert-dialog
[2m8:49:47 PM[22m [31m[1m[vite][22m[39m [31m[2m(client)[22m[39m [2m[console.error] [22m`AlertDialogContent` requires a `AlertDialogTitle` for the component to be accessible for screen reader users.

If you want to hide the `AlertDialogTitle`, you can wrap it with our VisuallyHidden component.

For more information, see https://radix-ui.com/primitives/docs/components/alert-dialog
[2m8:49:47 PM[22m [33m[1m[vite][22m[39m [33m[2m(client)[22m[39m [2m[console.warn] [22mWarning: Missing `Description` or `aria-describedby={undefined}` for {AlertDialogContent}.
[2m8:49:47 PM[22m [33m[1m[vite][22m[39m [33m[2m(client)[22m[39m [2m[console.warn] [22m`AlertDialogContent` requires a description for the component to be accessible for screen reader users.

You can add a description to the `AlertDialogContent` by passing a `AlertDialogDescription` component as a child, which also benefits sighted users by adding visible context to the dialog.

Alternatively, you can use your own component as a description by assigning it an `id` and passing the same value to the `aria-describedby` prop in `AlertDialogContent`. If the description is confusing or duplicative for sighted users, you can use the `@radix-ui/react-visually-hidden` primitive as a wrapper around your description component.

For more information, see https://radix-ui.com/primitives/docs/components/alert-dialog
[2m8:49:47 PM[22m [31m[1m[vite][22m[39m [31m[2m(client)[22m[39m [2m[console.error] [22m`AlertDialogContent` requires a `AlertDialogTitle` for the component to be accessible for screen reader users.

If you want to hide the `AlertDialogTitle`, you can wrap it with our VisuallyHidden component.

For more information, see https://radix-ui.com/primitives/docs/components/alert-dialog
[2m8:49:47 PM[22m [33m[1m[vite][22m[39m [33m[2m(client)[22m[39m [2m[console.warn] [22mWarning: Missing `Description` or `aria-describedby={undefined}` for {AlertDialogContent}.
